C:/TouchGFXProjects/FlappyBird/Core/Src/main.c:910:13:SPI5_Write	1
C:/TouchGFXProjects/FlappyBird/Core/Src/main.c:1022:6:StartDefaultTask	1
C:/TouchGFXProjects/FlappyBird/Core/Src/main.c:1047:6:StartBuzzerTask	3
C:/TouchGFXProjects/FlappyBird/Core/Src/main.c:259:6:SystemClock_Config	1
C:/TouchGFXProjects/FlappyBird/Core/Src/main.c:155:5:main	2
C:/TouchGFXProjects/FlappyBird/Core/Src/main.c:680:6:HAL_GPIO_EXTI_Callback	3
C:/TouchGFXProjects/FlappyBird/Core/Src/main.c:754:6:IOE_Init	1
C:/TouchGFXProjects/FlappyBird/Core/Src/main.c:763:6:IOE_ITConfig	1
C:/TouchGFXProjects/FlappyBird/Core/Src/main.c:775:6:IOE_Write	1
C:/TouchGFXProjects/FlappyBird/Core/Src/main.c:786:9:IOE_Read	1
C:/TouchGFXProjects/FlappyBird/Core/Src/main.c:799:10:IOE_ReadMultiple	1
C:/TouchGFXProjects/FlappyBird/Core/Src/main.c:808:6:IOE_Delay	1
C:/TouchGFXProjects/FlappyBird/Core/Src/main.c:936:6:LCD_IO_Init	1
C:/TouchGFXProjects/FlappyBird/Core/Src/main.c:946:6:LCD_IO_WriteData	1
C:/TouchGFXProjects/FlappyBird/Core/Src/main.c:962:6:LCD_IO_WriteReg	1
C:/TouchGFXProjects/FlappyBird/Core/Src/main.c:981:10:LCD_IO_ReadData	1
C:/TouchGFXProjects/FlappyBird/Core/Src/main.c:1008:6:LCD_Delay	1
C:/TouchGFXProjects/FlappyBird/Core/Src/main.c:1070:6:HAL_TIM_PeriodElapsedCallback	2
C:/TouchGFXProjects/FlappyBird/Core/Src/main.c:1088:6:Error_Handler	1
