C:/TouchGFXProjects/FlappyBird/Core/Src/main.c:910:13:SPI5_Write	16	static
C:/TouchGFXProjects/FlappyBird/Core/Src/main.c:1022:6:StartDefaultTask	8	static
C:/TouchGFXProjects/FlappyBird/Core/Src/main.c:1047:6:StartBuzzerTask	16	static
C:/TouchGFXProjects/FlappyBird/Core/Src/main.c:259:6:SystemClock_Config	96	static
C:/TouchGFXProjects/FlappyBird/Core/Src/main.c:155:5:main	112	static
C:/TouchGFXProjects/FlappyBird/Core/Src/main.c:680:6:HAL_GPIO_EXTI_Callback	24	static
C:/TouchGFXProjects/FlappyBird/Core/Src/main.c:754:6:IOE_Init	0	static
C:/TouchGFXProjects/FlappyBird/Core/Src/main.c:763:6:IOE_ITConfig	0	static
C:/TouchGFXProjects/FlappyBird/Core/Src/main.c:775:6:IOE_Write	32	static
C:/TouchGFXProjects/FlappyBird/Core/Src/main.c:786:9:IOE_Read	32	static
C:/TouchGFXProjects/FlappyBird/Core/Src/main.c:799:10:IOE_ReadMultiple	24	static
C:/TouchGFXProjects/FlappyBird/Core/Src/main.c:808:6:IOE_Delay	0	static
C:/TouchGFXProjects/FlappyBird/Core/Src/main.c:936:6:LCD_IO_Init	8	static
C:/TouchGFXProjects/FlappyBird/Core/Src/main.c:946:6:LCD_IO_WriteData	8	static
C:/TouchGFXProjects/FlappyBird/Core/Src/main.c:962:6:LCD_IO_WriteReg	8	static
C:/TouchGFXProjects/FlappyBird/Core/Src/main.c:981:10:LCD_IO_ReadData	24	static
C:/TouchGFXProjects/FlappyBird/Core/Src/main.c:1008:6:LCD_Delay	0	static
C:/TouchGFXProjects/FlappyBird/Core/Src/main.c:1070:6:HAL_TIM_PeriodElapsedCallback	0	static
C:/TouchGFXProjects/FlappyBird/Core/Src/main.c:1088:6:Error_Handler	0	static
